// Jest Snapshot v1, https://goo.gl/fbAQLP

exports[`pokemonOptions Component debe de hacer match con el snapshot  1`] = `
<div class="options-container">
  <ul>
    <li>bulbasur</li>
    <li>ivysaur</li>
    <li>venasaur</li>
    <li>charmander</li>
  </ul>
</div>
`;
